// Jest Snapshot v1, https://goo.gl/fbAQLP

exports[`SelectDropdown Renders correctly 1`] = `
"<select className=\\"select-options\\" onChange={[Function: mockConstructor]}>
  <option value=\\"name\\">
    name
  </option>
  <option value=\\"username\\">
    username
  </option>
  <option value=\\"email\\">
    email
  </option>
</select>"
`;
