// Jest Snapshot v1, https://goo.gl/fbAQLP

exports[`Btn Renders correctly 1`] = `
"<button type=\\"button\\" onClick={[Function: mockConstructor]}>
  Button
</button>"
`;
