// Jest Snapshot v1, https://goo.gl/fbAQLP

exports[`Search Renders correctly 1`] = `"<input type=\\"text\\" placeholder=\\"Place you text here\\" onChange={[Function: onChange]} />"`;
